mode: set
kleido/internal/repository/redis/cache.go:19.65,21.2 1 1
kleido/internal/repository/redis/cache.go:24.94,26.16 2 1
kleido/internal/repository/redis/cache.go:26.16,28.3 1 1
kleido/internal/repository/redis/cache.go:29.2,29.61 1 1
kleido/internal/repository/redis/cache.go:29.61,31.3 1 0
kleido/internal/repository/redis/cache.go:32.2,32.12 1 1
kleido/internal/repository/redis/cache.go:38.78,40.16 2 1
kleido/internal/repository/redis/cache.go:40.16,42.3 1 1
kleido/internal/repository/redis/cache.go:43.2,43.51 1 1
kleido/internal/repository/redis/cache.go:43.51,45.3 1 0
kleido/internal/repository/redis/cache.go:46.2,46.12 1 1
kleido/internal/repository/redis/cache.go:50.71,51.54 1 1
kleido/internal/repository/redis/cache.go:51.54,53.3 1 0
kleido/internal/repository/redis/cache.go:54.2,54.12 1 1
kleido/internal/repository/redis/cache.go:58.75,60.16 2 1
kleido/internal/repository/redis/cache.go:60.16,62.3 1 0
kleido/internal/repository/redis/cache.go:63.2,63.19 1 1
kleido/internal/repository/redis/client.go:15.63,23.61 2 0
kleido/internal/repository/redis/client.go:23.61,26.3 2 0
kleido/internal/repository/redis/client.go:28.2,28.17 1 0
kleido/internal/repository/redis/session.go:39.69,41.2 1 1
kleido/internal/repository/redis/session.go:45.37,48.2 2 1
kleido/internal/repository/redis/session.go:50.38,52.2 1 1
kleido/internal/repository/redis/session.go:54.38,56.2 1 1
kleido/internal/repository/redis/session.go:58.38,60.2 1 1
kleido/internal/repository/redis/session.go:62.36,64.2 1 1
kleido/internal/repository/redis/session.go:67.109,68.77 1 1
kleido/internal/repository/redis/session.go:68.77,70.3 1 0
kleido/internal/repository/redis/session.go:71.2,71.12 1 1
kleido/internal/repository/redis/session.go:76.95,78.16 2 1
kleido/internal/repository/redis/session.go:78.16,79.23 1 1
kleido/internal/repository/redis/session.go:79.23,81.4 1 1
kleido/internal/repository/redis/session.go:82.3,82.68 1 0
kleido/internal/repository/redis/session.go:84.2,84.20 1 1
kleido/internal/repository/redis/session.go:88.83,89.64 1 1
kleido/internal/repository/redis/session.go:89.64,91.3 1 0
kleido/internal/repository/redis/session.go:92.2,92.12 1 1
kleido/internal/repository/redis/session.go:96.94,97.74 1 1
kleido/internal/repository/redis/session.go:97.74,99.3 1 0
kleido/internal/repository/redis/session.go:100.2,100.12 1 1
kleido/internal/repository/redis/session.go:104.84,106.16 2 1
kleido/internal/repository/redis/session.go:106.16,108.3 1 0
kleido/internal/repository/redis/session.go:109.2,109.19 1 1
kleido/internal/repository/redis/session.go:118.9,122.42 4 1
kleido/internal/repository/redis/session.go:122.42,124.3 1 0
kleido/internal/repository/redis/session.go:125.2,125.12 1 1
kleido/internal/repository/redis/session.go:133.109,138.42 5 1
kleido/internal/repository/redis/session.go:138.42,140.3 1 0
kleido/internal/repository/redis/session.go:141.2,141.27 1 1
kleido/internal/repository/redis/session.go:146.90,148.22 2 1
kleido/internal/repository/redis/session.go:148.22,150.3 1 1
kleido/internal/repository/redis/session.go:151.2,151.16 1 1
kleido/internal/repository/redis/session.go:151.16,153.3 1 0
kleido/internal/repository/redis/session.go:154.2,154.17 1 1
kleido/internal/repository/redis/session.go:159.83,160.64 1 1
kleido/internal/repository/redis/session.go:160.64,162.3 1 0
kleido/internal/repository/redis/session.go:163.2,163.12 1 1
kleido/internal/repository/redis/session.go:167.84,169.16 2 1
kleido/internal/repository/redis/session.go:169.16,171.3 1 0
kleido/internal/repository/redis/session.go:172.2,172.44 1 1
kleido/internal/repository/redis/session.go:184.35,187.2 2 1
kleido/internal/repository/redis/session.go:199.35,201.2 1 1
kleido/internal/repository/redis/session.go:210.63,225.42 9 1
kleido/internal/repository/redis/session.go:225.42,228.3 1 1
kleido/internal/repository/redis/session.go:230.2,231.19 2 1
kleido/internal/repository/redis/session.go:231.19,233.3 1 1
kleido/internal/repository/redis/session.go:234.2,234.42 1 1
kleido/internal/repository/redis/session.go:241.96,242.88 1 1
kleido/internal/repository/redis/session.go:242.88,244.3 1 0
kleido/internal/repository/redis/session.go:245.2,245.12 1 1
kleido/internal/repository/redis/session.go:251.100,260.62 5 1
kleido/internal/repository/redis/session.go:260.62,262.3 1 0
kleido/internal/repository/redis/session.go:264.2,265.22 2 1
kleido/internal/repository/redis/session.go:265.22,267.3 1 1
kleido/internal/repository/redis/session.go:268.2,268.16 1 1
kleido/internal/repository/redis/session.go:268.16,270.3 1 0
kleido/internal/repository/redis/session.go:271.2,271.20 1 1
kleido/internal/repository/postgres/db.go:20.85,22.16 2 1
kleido/internal/repository/postgres/db.go:22.16,24.3 1 0
kleido/internal/repository/postgres/db.go:26.2,33.16 7 1
kleido/internal/repository/postgres/db.go:33.16,35.3 1 0
kleido/internal/repository/postgres/db.go:37.2,37.39 1 1
kleido/internal/repository/postgres/db.go:37.39,40.3 2 0
kleido/internal/repository/postgres/db.go:42.2,42.18 1 1
kleido/internal/repository/postgres/db.go:47.62,49.16 2 1
kleido/internal/repository/postgres/db.go:49.16,51.3 1 0
kleido/internal/repository/postgres/db.go:52.2,52.15 1 1
kleido/internal/repository/postgres/db.go:52.15,54.3 1 1
kleido/internal/repository/postgres/db.go:56.2,56.71 1 1
kleido/internal/repository/postgres/db.go:56.71,58.3 1 0
kleido/internal/repository/postgres/db.go:60.2,60.12 1 1
kleido/internal/repository/postgres/instrumented_user.go:25.95,27.2 1 0
kleido/internal/repository/postgres/instrumented_user.go:30.90,34.16 4 0
kleido/internal/repository/postgres/instrumented_user.go:34.16,36.3 1 0
kleido/internal/repository/postgres/instrumented_user.go:37.2,37.12 1 0
kleido/internal/repository/postgres/instrumented_user.go:42.103,46.45 4 0
kleido/internal/repository/postgres/instrumented_user.go:46.45,48.3 1 0
kleido/internal/repository/postgres/instrumented_user.go:49.2,49.18 1 0
kleido/internal/repository/postgres/instrumented_user.go:54.106,58.45 4 0
kleido/internal/repository/postgres/instrumented_user.go:58.45,60.3 1 0
kleido/internal/repository/postgres/instrumented_user.go:61.2,61.18 1 0
kleido/internal/repository/postgres/instrumented_user.go:65.90,69.16 4 0
kleido/internal/repository/postgres/instrumented_user.go:69.16,71.3 1 0
kleido/internal/repository/postgres/instrumented_user.go:72.2,72.12 1 0
kleido/internal/repository/postgres/instrumented_user.go:76.115,80.16 4 0
kleido/internal/repository/postgres/instrumented_user.go:80.16,82.3 1 0
kleido/internal/repository/postgres/instrumented_user.go:83.2,83.12 1 0
kleido/internal/repository/postgres/instrumented_user.go:87.86,91.16 4 0
kleido/internal/repository/postgres/instrumented_user.go:91.16,93.3 1 0
kleido/internal/repository/postgres/instrumented_user.go:94.2,94.12 1 0
kleido/internal/repository/postgres/instrumented_user.go:98.113,102.16 4 0
kleido/internal/repository/postgres/instrumented_user.go:102.16,104.3 1 0
kleido/internal/repository/postgres/instrumented_user.go:105.2,105.26 1 0
kleido/internal/repository/postgres/tenant.go:21.74,23.2 1 1
kleido/internal/repository/postgres/tenant.go:25.84,39.16 3 1
kleido/internal/repository/postgres/tenant.go:39.16,41.3 1 0
kleido/internal/repository/postgres/tenant.go:42.2,42.12 1 1
kleido/internal/repository/postgres/tenant.go:45.95,53.16 4 1
kleido/internal/repository/postgres/tenant.go:53.16,54.36 1 1
kleido/internal/repository/postgres/tenant.go:54.36,56.4 1 1
kleido/internal/repository/postgres/tenant.go:57.3,57.55 1 0
kleido/internal/repository/postgres/tenant.go:59.2,59.15 1 1
kleido/internal/repository/postgres/tenant.go:62.96,70.16 4 1
kleido/internal/repository/postgres/tenant.go:70.16,71.36 1 1
kleido/internal/repository/postgres/tenant.go:71.36,73.4 1 1
kleido/internal/repository/postgres/tenant.go:74.3,74.57 1 0
kleido/internal/repository/postgres/tenant.go:76.2,76.15 1 1
kleido/internal/repository/postgres/tenant.go:79.79,87.16 3 1
kleido/internal/repository/postgres/tenant.go:87.16,89.3 1 0
kleido/internal/repository/postgres/tenant.go:90.2,93.18 3 1
kleido/internal/repository/postgres/tenant.go:93.18,103.17 2 1
kleido/internal/repository/postgres/tenant.go:103.17,105.4 1 0
kleido/internal/repository/postgres/tenant.go:106.3,106.31 1 1
kleido/internal/repository/postgres/tenant.go:109.2,109.35 1 1
kleido/internal/repository/postgres/tenant.go:109.35,111.3 1 0
kleido/internal/repository/postgres/tenant.go:113.2,113.21 1 1
kleido/internal/repository/postgres/tenant.go:116.53,127.16 3 1
kleido/internal/repository/postgres/tenant.go:127.16,129.3 1 1
kleido/internal/repository/postgres/tenant.go:130.2,130.15 1 1
kleido/internal/repository/postgres/traced_user.go:27.89,29.2 1 0
kleido/internal/repository/postgres/traced_user.go:31.84,42.16 5 0
kleido/internal/repository/postgres/traced_user.go:42.16,46.3 3 0
kleido/internal/repository/postgres/traced_user.go:47.2,48.12 2 0
kleido/internal/repository/postgres/traced_user.go:51.97,62.16 5 0
kleido/internal/repository/postgres/traced_user.go:62.16,63.32 1 0
kleido/internal/repository/postgres/traced_user.go:63.32,67.4 2 0
kleido/internal/repository/postgres/traced_user.go:68.3,68.18 1 0
kleido/internal/repository/postgres/traced_user.go:70.2,71.18 2 0
kleido/internal/repository/postgres/traced_user.go:74.100,85.16 5 0
kleido/internal/repository/postgres/traced_user.go:85.16,86.32 1 0
kleido/internal/repository/postgres/traced_user.go:86.32,89.4 2 0
kleido/internal/repository/postgres/traced_user.go:90.3,90.18 1 0
kleido/internal/repository/postgres/traced_user.go:92.2,93.18 2 0
kleido/internal/repository/postgres/traced_user.go:96.84,107.16 5 0
kleido/internal/repository/postgres/traced_user.go:107.16,111.3 3 0
kleido/internal/repository/postgres/traced_user.go:112.2,113.12 2 0
kleido/internal/repository/postgres/traced_user.go:116.109,127.16 5 0
kleido/internal/repository/postgres/traced_user.go:127.16,131.3 3 0
kleido/internal/repository/postgres/traced_user.go:132.2,133.12 2 0
kleido/internal/repository/postgres/traced_user.go:136.80,147.16 5 0
kleido/internal/repository/postgres/traced_user.go:147.16,151.3 3 0
kleido/internal/repository/postgres/traced_user.go:152.2,153.12 2 0
kleido/internal/repository/postgres/traced_user.go:156.107,166.16 5 0
kleido/internal/repository/postgres/traced_user.go:166.16,170.3 3 0
kleido/internal/repository/postgres/traced_user.go:171.2,172.26 2 0
kleido/internal/repository/postgres/user.go:25.70,27.2 1 1
kleido/internal/repository/postgres/user.go:30.78,45.16 3 1
kleido/internal/repository/postgres/user.go:45.16,47.54 2 0
kleido/internal/repository/postgres/user.go:47.54,49.4 1 0
kleido/internal/repository/postgres/user.go:50.3,50.44 1 0
kleido/internal/repository/postgres/user.go:52.2,52.12 1 1
kleido/internal/repository/postgres/user.go:57.91,65.16 4 1
kleido/internal/repository/postgres/user.go:65.16,66.36 1 1
kleido/internal/repository/postgres/user.go:66.36,68.4 1 1
kleido/internal/repository/postgres/user.go:69.3,69.53 1 0
kleido/internal/repository/postgres/user.go:71.2,71.15 1 1
kleido/internal/repository/postgres/user.go:77.94,85.16 4 1
kleido/internal/repository/postgres/user.go:85.16,86.36 1 0
kleido/internal/repository/postgres/user.go:86.36,88.4 1 0
kleido/internal/repository/postgres/user.go:89.3,89.56 1 0
kleido/internal/repository/postgres/user.go:91.2,91.15 1 1
kleido/internal/repository/postgres/user.go:95.78,102.16 3 1
kleido/internal/repository/postgres/user.go:102.16,104.3 1 0
kleido/internal/repository/postgres/user.go:105.2,105.12 1 1
kleido/internal/repository/postgres/user.go:110.103,114.16 3 1
kleido/internal/repository/postgres/user.go:114.16,116.3 1 0
kleido/internal/repository/postgres/user.go:117.2,117.12 1 1
kleido/internal/repository/postgres/user.go:122.74,126.16 3 1
kleido/internal/repository/postgres/user.go:126.16,128.3 1 0
kleido/internal/repository/postgres/user.go:129.2,129.12 1 1
kleido/internal/repository/postgres/user.go:134.101,137.88 2 1
kleido/internal/repository/postgres/user.go:137.88,139.3 1 0
kleido/internal/repository/postgres/user.go:143.2,150.16 3 1
kleido/internal/repository/postgres/user.go:150.16,152.3 1 0
kleido/internal/repository/postgres/user.go:153.2,156.18 3 1
kleido/internal/repository/postgres/user.go:156.18,166.17 2 1
kleido/internal/repository/postgres/user.go:166.17,168.4 1 0
kleido/internal/repository/postgres/user.go:169.3,169.27 1 1
kleido/internal/repository/postgres/user.go:172.2,172.35 1 1
kleido/internal/repository/postgres/user.go:172.35,174.3 1 0
kleido/internal/repository/postgres/user.go:176.2,176.26 1 1
kleido/internal/repository/postgres/user.go:180.49,192.16 3 1
kleido/internal/repository/postgres/user.go:192.16,194.3 1 1
kleido/internal/repository/postgres/user.go:195.2,195.15 1 1
