mode: set
kleido/docs/docs.go:752.13,754.2 1 0
kleido/cmd/cli/main.go:14.13,16.51 2 0
kleido/cmd/cli/main.go:16.51,19.3 2 0
kleido/cmd/api/main.go:47.18,50.16 2 0
kleido/cmd/api/main.go:50.16,52.3 1 0
kleido/cmd/api/main.go:55.2,70.16 5 0
kleido/cmd/api/main.go:70.16,72.3 1 0
kleido/cmd/api/main.go:73.2,73.15 1 0
kleido/cmd/api/main.go:73.15,74.76 1 0
kleido/cmd/api/main.go:74.76,76.4 1 0
kleido/cmd/api/main.go:81.2,81.22 1 0
kleido/cmd/api/main.go:81.22,84.3 2 0
kleido/cmd/api/main.go:87.2,87.91 1 0
kleido/cmd/api/main.go:87.91,89.3 1 0
kleido/cmd/api/main.go:92.2,93.20 2 0
kleido/cmd/api/main.go:93.20,95.3 1 0
kleido/cmd/api/main.go:96.2,100.21 3 0
kleido/cmd/api/main.go:100.21,102.3 1 0
kleido/cmd/api/main.go:103.2,103.15 1 0
kleido/cmd/api/main.go:103.15,104.47 1 0
kleido/cmd/api/main.go:104.47,106.4 1 0
kleido/cmd/api/main.go:110.2,111.20 2 0
kleido/cmd/api/main.go:111.20,113.3 1 0
kleido/cmd/api/main.go:114.2,115.19 2 0
kleido/cmd/api/main.go:115.19,117.3 1 0
kleido/cmd/api/main.go:121.2,155.12 11 0
kleido/cmd/api/main.go:155.12,157.105 2 0
kleido/cmd/api/main.go:157.105,159.4 1 0
kleido/cmd/api/main.go:163.2,166.9 3 0
kleido/cmd/api/main.go:167.21,168.76 1 0
kleido/cmd/api/main.go:169.29,170.55 1 0
kleido/cmd/api/main.go:174.2,177.66 3 0
kleido/cmd/api/main.go:177.66,179.3 1 0
kleido/cmd/api/main.go:179.8,181.3 1 0
kleido/cmd/api/main.go:183.2,183.12 1 0
kleido/cmd/api/main.go:186.13,187.30 1 0
kleido/cmd/api/main.go:187.30,190.3 2 0
kleido/cmd/api/routes.go:32.16,59.33 13 0
kleido/cmd/api/routes.go:59.33,61.3 1 0
kleido/cmd/api/routes.go:64.2,70.40 4 0
kleido/cmd/api/routes.go:70.40,79.30 6 0
kleido/cmd/api/routes.go:79.30,84.26 3 0
kleido/cmd/api/routes.go:84.26,86.5 1 0
kleido/cmd/api/routes.go:88.4,99.31 6 0
kleido/cmd/api/routes.go:99.31,102.5 2 0
kleido/cmd/api/routes.go:108.2,109.29 2 0
kleido/cmd/api/routes.go:109.29,114.3 4 0
kleido/cmd/api/routes.go:118.2,120.10 2 0
kleido/cmd/api/seed.go:19.111,25.35 4 0
kleido/cmd/api/seed.go:25.35,28.3 2 0
kleido/cmd/api/seed.go:31.2,32.68 2 0
kleido/cmd/api/seed.go:32.68,35.3 2 0
kleido/cmd/api/seed.go:37.2,38.16 2 0
kleido/cmd/api/seed.go:38.16,41.3 2 0
kleido/cmd/api/seed.go:43.2,46.3 1 0
kleido/cmd/api/swagger.go:12.42,17.2 1 0
kleido/cmd/api/ui.go:18.37,20.16 2 0
kleido/cmd/api/ui.go:20.16,23.104 1 0
kleido/cmd/api/ui.go:25.2,25.35 1 0
kleido/cmd/api/ui.go:30.57,36.66 2 1
kleido/cmd/api/ui.go:36.66,39.3 2 1
kleido/cmd/api/ui.go:42.2,42.78 1 1
kleido/cmd/api/ui.go:42.78,44.60 2 1
kleido/cmd/api/ui.go:44.60,47.4 2 1
kleido/cmd/api/ui.go:54.2,54.33 1 1
kleido/cmd/api/ui.go:59.48,60.54 1 1
kleido/cmd/api/ui.go:60.54,62.17 2 1
kleido/cmd/api/ui.go:62.17,64.4 1 1
kleido/cmd/api/ui.go:68.3,68.27 1 1
kleido/cmd/api/ui.go:68.27,71.4 2 1
kleido/cmd/api/ui.go:74.3,74.50 1 1
kleido/cmd/api/ui.go:74.50,76.43 1 0
kleido/cmd/api/ui.go:76.43,78.5 1 0
kleido/cmd/api/ui.go:79.4,80.10 2 0
kleido/cmd/api/ui.go:84.3,84.24 1 1
kleido/cmd/api/ui.go:88.54,90.16 2 1
kleido/cmd/api/ui.go:90.16,93.3 2 1
kleido/cmd/api/ui.go:94.2,96.44 3 1
kleido/cmd/api/ui.go:96.44,99.3 1 0
kleido/internal/telemetry/otel.go:28.82,30.34 2 0
kleido/internal/telemetry/otel.go:30.34,35.3 1 0
kleido/internal/telemetry/otel.go:36.2,36.33 1 0
kleido/internal/telemetry/otel.go:39.75,41.2 1 0
kleido/internal/telemetry/otel.go:43.69,45.2 1 0
kleido/internal/telemetry/otel.go:57.141,58.14 1 1
kleido/internal/telemetry/otel.go:58.14,60.38 2 1
kleido/internal/telemetry/otel.go:60.38,60.52 1 1
kleido/internal/telemetry/otel.go:64.2,70.16 2 1
kleido/internal/telemetry/otel.go:70.16,72.3 1 0
kleido/internal/telemetry/otel.go:76.2,80.16 2 1
kleido/internal/telemetry/otel.go:80.16,82.3 1 0
kleido/internal/telemetry/otel.go:86.2,87.43 2 1
kleido/internal/telemetry/otel.go:87.43,89.3 1 1
kleido/internal/telemetry/otel.go:89.8,91.3 1 1
kleido/internal/telemetry/otel.go:93.2,110.25 4 1
kleido/internal/telemetry/otel.go:116.63,118.2 1 1
kleido/internal/middleware/jwt.go:37.89,38.46 1 1
kleido/internal/middleware/jwt.go:38.46,39.72 1 1
kleido/internal/middleware/jwt.go:39.72,41.69 2 1
kleido/internal/middleware/jwt.go:41.69,44.5 2 1
kleido/internal/middleware/jwt.go:46.4,48.18 3 1
kleido/internal/middleware/jwt.go:48.18,51.5 2 1
kleido/internal/middleware/jwt.go:53.4,54.18 2 1
kleido/internal/middleware/jwt.go:54.18,57.5 1 0
kleido/internal/middleware/jwt.go:58.4,58.15 1 1
kleido/internal/middleware/jwt.go:58.15,61.5 2 1
kleido/internal/middleware/jwt.go:63.4,68.41 5 1
kleido/internal/middleware/jwt.go:75.63,76.46 1 1
kleido/internal/middleware/jwt.go:76.46,77.72 1 1
kleido/internal/middleware/jwt.go:77.72,79.11 2 1
kleido/internal/middleware/jwt.go:79.11,81.5 1 0
kleido/internal/middleware/jwt.go:82.4,82.23 1 1
kleido/internal/middleware/jwt.go:82.23,85.5 2 1
kleido/internal/middleware/jwt.go:86.4,86.24 1 1
kleido/internal/middleware/logger.go:20.70,21.46 1 1
kleido/internal/middleware/logger.go:21.46,22.72 1 1
kleido/internal/middleware/logger.go:22.72,45.4 9 1
kleido/internal/middleware/metrics.go:34.52,40.2 1 0
kleido/internal/middleware/metrics.go:44.76,45.46 1 1
kleido/internal/middleware/metrics.go:45.46,46.72 1 1
kleido/internal/middleware/metrics.go:46.72,65.4 12 1
kleido/internal/middleware/metrics.go:72.63,74.2 1 0
kleido/internal/middleware/metrics.go:77.81,78.46 1 1
kleido/internal/middleware/metrics.go:78.46,79.72 1 1
kleido/internal/middleware/metrics.go:79.72,83.17 3 1
kleido/internal/middleware/metrics.go:83.17,84.37 1 1
kleido/internal/middleware/metrics.go:84.37,88.6 3 1
kleido/internal/middleware/metrics.go:91.4,91.24 1 1
kleido/internal/middleware/metrics.go:98.68,99.48 1 1
kleido/internal/middleware/metrics.go:99.48,100.40 1 1
kleido/internal/middleware/metrics.go:100.40,102.4 1 1
kleido/internal/middleware/metrics.go:104.2,104.21 1 1
kleido/internal/middleware/metrics.go:109.35,110.9 1 1
kleido/internal/middleware/metrics.go:111.33,112.15 1 1
kleido/internal/middleware/metrics.go:113.33,114.15 1 1
kleido/internal/middleware/metrics.go:115.33,116.15 1 1
kleido/internal/middleware/metrics.go:117.19,118.15 1 1
kleido/internal/middleware/metrics.go:119.10,120.19 1 1
kleido/internal/middleware/ratelimit.go:26.104,27.46 1 1
kleido/internal/middleware/ratelimit.go:27.46,28.72 1 1
kleido/internal/middleware/ratelimit.go:28.72,40.16 8 1
kleido/internal/middleware/ratelimit.go:40.16,43.5 2 1
kleido/internal/middleware/ratelimit.go:45.4,45.24 1 1
kleido/internal/middleware/ratelimit.go:55.112,56.46 1 1
kleido/internal/middleware/ratelimit.go:56.46,57.72 1 1
kleido/internal/middleware/ratelimit.go:57.72,59.27 2 1
kleido/internal/middleware/ratelimit.go:59.27,63.5 2 1
kleido/internal/middleware/ratelimit.go:65.4,76.16 7 1
kleido/internal/middleware/ratelimit.go:76.16,79.5 2 1
kleido/internal/middleware/ratelimit.go:81.4,81.24 1 1
kleido/internal/middleware/security.go:13.67,15.12 2 1
kleido/internal/middleware/security.go:15.12,17.3 1 1
kleido/internal/middleware/security.go:19.2,19.46 1 1
kleido/internal/middleware/security.go:19.46,20.72 1 1
kleido/internal/middleware/security.go:20.72,28.14 8 1
kleido/internal/middleware/security.go:28.14,30.5 1 1
kleido/internal/middleware/security.go:31.4,31.24 1 1
kleido/internal/middleware/tracing.go:20.66,21.46 1 1
kleido/internal/middleware/tracing.go:21.46,23.74 1 1
kleido/internal/middleware/tracing.go:23.74,25.59 1 1
kleido/internal/middleware/tracing.go:25.59,26.55 1 0
kleido/internal/middleware/tracing.go:26.55,28.7 1 0
kleido/internal/middleware/tracing.go:30.5,30.39 1 1
kleido/internal/handler/admin.go:24.65,26.2 1 1
kleido/internal/handler/admin.go:31.73,36.16 4 1
kleido/internal/handler/admin.go:36.16,40.3 3 1
kleido/internal/handler/admin.go:42.2,44.42 2 1
kleido/internal/handler/admin.go:44.42,47.3 2 1
kleido/internal/handler/admin.go:49.2,50.63 2 1
kleido/internal/handler/admin.go:56.75,61.16 4 1
kleido/internal/handler/admin.go:61.16,64.3 2 1
kleido/internal/handler/admin.go:68.2,70.50 2 1
kleido/internal/handler/admin.go:70.50,77.3 3 1
kleido/internal/handler/admin.go:79.2,85.30 2 1
kleido/internal/handler/admin.go:90.49,93.9 3 1
kleido/internal/handler/admin.go:93.9,95.3 1 1
kleido/internal/handler/admin.go:96.2,96.33 1 1
kleido/internal/handler/auth.go:31.123,33.2 1 1
kleido/internal/handler/auth.go:55.64,56.53 1 1
kleido/internal/handler/auth.go:56.53,58.3 1 0
kleido/internal/handler/auth.go:73.72,78.28 3 1
kleido/internal/handler/auth.go:78.28,84.3 5 0
kleido/internal/handler/auth.go:86.2,89.61 3 1
kleido/internal/handler/auth.go:89.61,95.3 5 1
kleido/internal/handler/auth.go:96.2,96.43 1 1
kleido/internal/handler/auth.go:96.43,102.3 5 0
kleido/internal/handler/auth.go:104.2,105.16 2 1
kleido/internal/handler/auth.go:105.16,110.3 4 1
kleido/internal/handler/auth.go:112.2,117.37 5 1
kleido/internal/handler/auth.go:132.69,138.61 4 1
kleido/internal/handler/auth.go:138.61,144.3 5 0
kleido/internal/handler/auth.go:145.2,145.43 1 1
kleido/internal/handler/auth.go:145.43,151.3 5 1
kleido/internal/handler/auth.go:153.2,154.16 2 1
kleido/internal/handler/auth.go:154.16,159.3 4 0
kleido/internal/handler/auth.go:162.2,179.4 5 1
kleido/internal/handler/auth.go:191.71,197.16 4 1
kleido/internal/handler/auth.go:197.16,203.3 5 1
kleido/internal/handler/auth.go:204.2,204.24 1 1
kleido/internal/handler/auth.go:204.24,210.3 5 0
kleido/internal/handler/auth.go:212.2,213.16 2 1
kleido/internal/handler/auth.go:213.16,218.3 4 0
kleido/internal/handler/auth.go:221.2,238.4 5 1
kleido/internal/handler/auth.go:264.78,269.61 4 0
kleido/internal/handler/auth.go:269.61,275.3 5 0
kleido/internal/handler/auth.go:276.2,276.21 1 0
kleido/internal/handler/auth.go:276.21,282.3 5 0
kleido/internal/handler/auth.go:284.2,291.4 5 0
kleido/internal/handler/auth.go:306.77,311.61 4 0
kleido/internal/handler/auth.go:311.61,317.3 5 0
kleido/internal/handler/auth.go:318.2,318.46 1 0
kleido/internal/handler/auth.go:318.46,324.3 5 0
kleido/internal/handler/auth.go:326.2,326.77 1 0
kleido/internal/handler/auth.go:326.77,331.3 4 0
kleido/internal/handler/auth.go:333.2,336.68 4 0
kleido/internal/handler/auth.go:349.70,355.9 4 1
kleido/internal/handler/auth.go:355.9,357.3 1 1
kleido/internal/handler/auth.go:359.2,360.58 2 1
kleido/internal/handler/auth.go:360.58,362.3 1 1
kleido/internal/handler/auth.go:364.2,364.59 1 1
kleido/internal/handler/auth.go:364.59,369.3 4 0
kleido/internal/handler/auth.go:372.2,382.37 3 1
kleido/internal/handler/health.go:26.58,29.53 3 0
kleido/internal/handler/health.go:29.53,31.3 1 0
kleido/internal/handler/health.go:42.33,43.54 1 0
kleido/internal/handler/health.go:43.54,45.3 1 0
kleido/internal/handler/health.go:57.69,58.54 1 0
kleido/internal/handler/health.go:58.54,70.22 6 0
kleido/internal/handler/health.go:70.22,73.4 2 0
kleido/internal/handler/health.go:73.9,76.4 2 0
kleido/internal/handler/user.go:37.59,39.2 1 1
kleido/internal/handler/user.go:42.69,44.15 2 1
kleido/internal/handler/user.go:44.15,46.3 1 1
kleido/internal/handler/user.go:47.2,48.16 2 0
kleido/internal/handler/user.go:48.16,50.3 1 0
kleido/internal/handler/user.go:51.2,51.10 1 0
kleido/internal/handler/user.go:65.69,70.28 4 1
kleido/internal/handler/user.go:70.28,76.3 5 1
kleido/internal/handler/user.go:78.2,79.16 2 1
kleido/internal/handler/user.go:79.16,85.3 5 1
kleido/internal/handler/user.go:87.2,90.16 3 1
kleido/internal/handler/user.go:90.16,95.3 4 1
kleido/internal/handler/user.go:97.2,100.37 4 1
kleido/internal/handler/user.go:117.71,123.16 5 1
kleido/internal/handler/user.go:123.16,129.3 5 1
kleido/internal/handler/user.go:131.2,134.9 3 1
kleido/internal/handler/user.go:134.9,136.3 1 0
kleido/internal/handler/user.go:137.2,138.9 2 1
kleido/internal/handler/user.go:138.9,140.3 1 0
kleido/internal/handler/user.go:142.2,142.60 1 1
kleido/internal/handler/user.go:142.60,148.3 5 1
kleido/internal/handler/user.go:150.2,151.16 2 1
kleido/internal/handler/user.go:151.16,156.3 4 1
kleido/internal/handler/user.go:158.2,161.37 4 1
kleido/internal/handler/user.go:177.73,182.9 4 1
kleido/internal/handler/user.go:182.9,184.3 1 0
kleido/internal/handler/user.go:185.2,185.27 1 1
kleido/internal/handler/user.go:185.27,191.3 5 1
kleido/internal/handler/user.go:193.2,195.14 3 1
kleido/internal/handler/user.go:195.14,197.3 1 0
kleido/internal/handler/user.go:198.2,198.17 1 1
kleido/internal/handler/user.go:198.17,200.3 1 0
kleido/internal/handler/user.go:201.2,201.19 1 1
kleido/internal/handler/user.go:201.19,203.3 1 0
kleido/internal/handler/user.go:205.2,212.16 4 1
kleido/internal/handler/user.go:212.16,217.3 4 0
kleido/internal/handler/user.go:219.2,227.4 4 1
kleido/internal/handler/user.go:247.74,253.16 5 1
kleido/internal/handler/user.go:253.16,259.3 5 1
kleido/internal/handler/user.go:261.2,264.9 3 1
kleido/internal/handler/user.go:264.9,266.3 1 0
kleido/internal/handler/user.go:267.2,268.9 2 1
kleido/internal/handler/user.go:268.9,270.3 1 0
kleido/internal/handler/user.go:272.2,272.60 1 1
kleido/internal/handler/user.go:272.60,278.3 5 1
kleido/internal/handler/user.go:280.2,281.67 2 1
kleido/internal/handler/user.go:281.67,287.3 5 1
kleido/internal/handler/user.go:289.2,290.16 2 1
kleido/internal/handler/user.go:290.16,295.3 4 0
kleido/internal/handler/user.go:297.2,300.37 4 1
kleido/internal/handler/user.go:316.74,322.16 5 1
kleido/internal/handler/user.go:322.16,328.3 5 1
kleido/internal/handler/user.go:330.2,332.52 2 1
kleido/internal/handler/user.go:332.52,337.3 4 1
kleido/internal/handler/user.go:339.2,341.37 3 1
kleido/internal/model/user.go:39.43,44.2 1 0
kleido/web/node_modules/flatted/golang/pkg/flatted/flatted.go:16.68,21.30 4 0
kleido/web/node_modules/flatted/golang/pkg/flatted/flatted.go:21.30,27.3 5 0
kleido/web/node_modules/flatted/golang/pkg/flatted/flatted.go:29.2,29.28 1 0
kleido/web/node_modules/flatted/golang/pkg/flatted/flatted.go:29.28,30.15 1 0
kleido/web/node_modules/flatted/golang/pkg/flatted/flatted.go:30.15,32.4 1 0
kleido/web/node_modules/flatted/golang/pkg/flatted/flatted.go:33.3,35.100 3 0
kleido/web/node_modules/flatted/golang/pkg/flatted/flatted.go:35.100,36.32 1 0
kleido/web/node_modules/flatted/golang/pkg/flatted/flatted.go:36.32,37.31 1 0
kleido/web/node_modules/flatted/golang/pkg/flatted/flatted.go:37.31,38.16 1 0
kleido/web/node_modules/flatted/golang/pkg/flatted/flatted.go:38.16,40.7 1 0
kleido/web/node_modules/flatted/golang/pkg/flatted/flatted.go:41.11,43.59 2 0
kleido/web/node_modules/flatted/golang/pkg/flatted/flatted.go:43.59,45.7 1 0
kleido/web/node_modules/flatted/golang/pkg/flatted/flatted.go:48.4,48.19 1 0
kleido/web/node_modules/flatted/golang/pkg/flatted/flatted.go:50.3,50.11 1 0
kleido/web/node_modules/flatted/golang/pkg/flatted/flatted.go:53.2,53.31 1 0
kleido/web/node_modules/flatted/golang/pkg/flatted/flatted.go:53.31,55.20 2 0
kleido/web/node_modules/flatted/golang/pkg/flatted/flatted.go:55.20,57.4 1 0
kleido/web/node_modules/flatted/golang/pkg/flatted/flatted.go:58.3,58.38 1 0
kleido/web/node_modules/flatted/golang/pkg/flatted/flatted.go:58.38,60.4 1 0
kleido/web/node_modules/flatted/golang/pkg/flatted/flatted.go:62.3,62.47 1 0
kleido/web/node_modules/flatted/golang/pkg/flatted/flatted.go:62.47,64.4 1 0
kleido/web/node_modules/flatted/golang/pkg/flatted/flatted.go:65.3,65.20 1 0
kleido/web/node_modules/flatted/golang/pkg/flatted/flatted.go:66.37,68.34 2 0
kleido/web/node_modules/flatted/golang/pkg/flatted/flatted.go:68.34,70.5 1 0
kleido/web/node_modules/flatted/golang/pkg/flatted/flatted.go:71.4,71.14 1 0
kleido/web/node_modules/flatted/golang/pkg/flatted/flatted.go:72.20,75.41 3 0
kleido/web/node_modules/flatted/golang/pkg/flatted/flatted.go:75.41,77.5 1 0
kleido/web/node_modules/flatted/golang/pkg/flatted/flatted.go:79.4,80.29 2 0
kleido/web/node_modules/flatted/golang/pkg/flatted/flatted.go:80.29,82.20 2 0
kleido/web/node_modules/flatted/golang/pkg/flatted/flatted.go:82.20,84.34 2 0
kleido/web/node_modules/flatted/golang/pkg/flatted/flatted.go:84.34,85.20 1 0
kleido/web/node_modules/flatted/golang/pkg/flatted/flatted.go:85.20,87.13 2 0
kleido/web/node_modules/flatted/golang/pkg/flatted/flatted.go:90.6,90.16 1 0
kleido/web/node_modules/flatted/golang/pkg/flatted/flatted.go:90.16,91.15 1 0
kleido/web/node_modules/flatted/golang/pkg/flatted/flatted.go:94.5,94.53 1 0
kleido/web/node_modules/flatted/golang/pkg/flatted/flatted.go:96.4,96.14 1 0
kleido/web/node_modules/flatted/golang/pkg/flatted/flatted.go:97.23,100.39 3 0
kleido/web/node_modules/flatted/golang/pkg/flatted/flatted.go:100.39,102.28 2 0
kleido/web/node_modules/flatted/golang/pkg/flatted/flatted.go:102.28,103.14 1 0
kleido/web/node_modules/flatted/golang/pkg/flatted/flatted.go:105.5,106.48 2 0
kleido/web/node_modules/flatted/golang/pkg/flatted/flatted.go:106.48,108.6 1 0
kleido/web/node_modules/flatted/golang/pkg/flatted/flatted.go:109.5,109.48 1 0
kleido/web/node_modules/flatted/golang/pkg/flatted/flatted.go:111.4,111.14 1 0
kleido/web/node_modules/flatted/golang/pkg/flatted/flatted.go:112.11,113.12 1 0
kleido/web/node_modules/flatted/golang/pkg/flatted/flatted.go:117.2,119.34 3 0
kleido/web/node_modules/flatted/golang/pkg/flatted/flatted.go:119.34,121.3 1 0
kleido/web/node_modules/flatted/golang/pkg/flatted/flatted.go:123.2,126.33 4 0
kleido/web/node_modules/flatted/golang/pkg/flatted/flatted.go:126.33,128.3 1 0
kleido/web/node_modules/flatted/golang/pkg/flatted/flatted.go:128.8,128.37 1 0
kleido/web/node_modules/flatted/golang/pkg/flatted/flatted.go:128.37,130.3 1 0
kleido/web/node_modules/flatted/golang/pkg/flatted/flatted.go:132.2,132.18 1 0
kleido/web/node_modules/flatted/golang/pkg/flatted/flatted.go:132.18,134.3 1 0
kleido/web/node_modules/flatted/golang/pkg/flatted/flatted.go:134.8,136.3 1 0
kleido/web/node_modules/flatted/golang/pkg/flatted/flatted.go:138.2,138.16 1 0
kleido/web/node_modules/flatted/golang/pkg/flatted/flatted.go:138.16,140.3 1 0
kleido/web/node_modules/flatted/golang/pkg/flatted/flatted.go:141.2,141.23 1 0
kleido/web/node_modules/flatted/golang/pkg/flatted/flatted.go:145.79,147.65 2 0
kleido/web/node_modules/flatted/golang/pkg/flatted/flatted.go:147.65,149.3 1 0
kleido/web/node_modules/flatted/golang/pkg/flatted/flatted.go:151.2,152.25 2 0
kleido/web/node_modules/flatted/golang/pkg/flatted/flatted.go:152.25,153.30 1 0
kleido/web/node_modules/flatted/golang/pkg/flatted/flatted.go:153.30,155.4 1 0
kleido/web/node_modules/flatted/golang/pkg/flatted/flatted.go:156.3,156.31 1 0
kleido/web/node_modules/flatted/golang/pkg/flatted/flatted.go:156.31,157.29 1 0
kleido/web/node_modules/flatted/golang/pkg/flatted/flatted.go:157.29,159.5 1 0
kleido/web/node_modules/flatted/golang/pkg/flatted/flatted.go:160.4,160.14 1 0
kleido/web/node_modules/flatted/golang/pkg/flatted/flatted.go:162.3,162.38 1 0
kleido/web/node_modules/flatted/golang/pkg/flatted/flatted.go:162.38,163.27 1 0
kleido/web/node_modules/flatted/golang/pkg/flatted/flatted.go:163.27,165.5 1 0
kleido/web/node_modules/flatted/golang/pkg/flatted/flatted.go:166.4,166.12 1 0
kleido/web/node_modules/flatted/golang/pkg/flatted/flatted.go:168.3,168.11 1 0
kleido/web/node_modules/flatted/golang/pkg/flatted/flatted.go:171.2,172.30 2 0
kleido/web/node_modules/flatted/golang/pkg/flatted/flatted.go:172.30,174.3 1 0
kleido/web/node_modules/flatted/golang/pkg/flatted/flatted.go:176.2,177.28 2 0
kleido/web/node_modules/flatted/golang/pkg/flatted/flatted.go:177.28,178.37 1 0
kleido/web/node_modules/flatted/golang/pkg/flatted/flatted.go:178.37,180.4 1 0
kleido/web/node_modules/flatted/golang/pkg/flatted/flatted.go:180.9,182.4 1 0
kleido/web/node_modules/flatted/golang/pkg/flatted/flatted.go:185.2,185.21 1 0
kleido/web/node_modules/flatted/golang/pkg/flatted/flatted.go:185.21,187.3 1 0
kleido/web/node_modules/flatted/golang/pkg/flatted/flatted.go:189.2,191.78 3 0
kleido/web/node_modules/flatted/golang/pkg/flatted/flatted.go:191.78,195.21 4 0
kleido/web/node_modules/flatted/golang/pkg/flatted/flatted.go:195.21,197.4 1 0
kleido/web/node_modules/flatted/golang/pkg/flatted/flatted.go:198.3,198.18 1 0
kleido/web/node_modules/flatted/golang/pkg/flatted/flatted.go:201.2,201.20 1 0
kleido/web/node_modules/flatted/golang/pkg/flatted/flatted.go:201.20,203.3 1 0
kleido/web/node_modules/flatted/golang/pkg/flatted/flatted.go:204.2,204.19 1 0
kleido/web/node_modules/flatted/golang/pkg/flatted/flatted.go:207.75,208.34 1 0
kleido/web/node_modules/flatted/golang/pkg/flatted/flatted.go:208.34,209.25 1 0
kleido/web/node_modules/flatted/golang/pkg/flatted/flatted.go:209.25,211.4 1 0
kleido/web/node_modules/flatted/golang/pkg/flatted/flatted.go:212.8,212.48 1 0
kleido/web/node_modules/flatted/golang/pkg/flatted/flatted.go:212.48,214.20 2 0
kleido/web/node_modules/flatted/golang/pkg/flatted/flatted.go:214.20,216.4 1 0
kleido/web/node_modules/flatted/golang/pkg/flatted/flatted.go:217.3,218.26 2 0
kleido/web/node_modules/flatted/golang/pkg/flatted/flatted.go:218.26,220.4 1 0
kleido/web/node_modules/flatted/golang/pkg/flatted/flatted.go:222.2,222.28 1 0
kleido/web/node_modules/flatted/golang/pkg/flatted/flatted.go:225.61,226.34 1 0
kleido/web/node_modules/flatted/golang/pkg/flatted/flatted.go:226.34,227.25 1 0
kleido/web/node_modules/flatted/golang/pkg/flatted/flatted.go:227.25,228.38 1 0
kleido/web/node_modules/flatted/golang/pkg/flatted/flatted.go:228.38,231.5 2 0
kleido/web/node_modules/flatted/golang/pkg/flatted/flatted.go:233.3,233.13 1 0
kleido/web/node_modules/flatted/golang/pkg/flatted/flatted.go:235.2,235.41 1 0
kleido/web/node_modules/flatted/golang/pkg/flatted/flatted.go:235.41,236.23 1 0
kleido/web/node_modules/flatted/golang/pkg/flatted/flatted.go:236.23,237.38 1 0
kleido/web/node_modules/flatted/golang/pkg/flatted/flatted.go:237.38,240.5 2 0
kleido/web/node_modules/flatted/golang/pkg/flatted/flatted.go:242.3,242.11 1 0
kleido/web/node_modules/flatted/golang/pkg/flatted/flatted.go:244.2,244.14 1 0
kleido/web/node_modules/flatted/golang/pkg/flatted/flatted.go:247.60,249.78 2 0
kleido/web/node_modules/flatted/golang/pkg/flatted/flatted.go:249.78,251.16 2 0
kleido/web/node_modules/flatted/golang/pkg/flatted/flatted.go:251.16,254.4 2 0
kleido/web/node_modules/flatted/golang/pkg/flatted/flatted.go:256.2,256.14 1 0
kleido/web/node_modules/flatted/golang/pkg/flatted/flatted.go:260.37,262.16 2 0
kleido/web/node_modules/flatted/golang/pkg/flatted/flatted.go:262.16,264.3 1 0
kleido/web/node_modules/flatted/golang/pkg/flatted/flatted.go:265.2,267.17 3 0
kleido/web/node_modules/flatted/golang/pkg/flatted/flatted.go:271.39,273.16 2 0
kleido/web/node_modules/flatted/golang/pkg/flatted/flatted.go:273.16,275.3 1 0
kleido/web/node_modules/flatted/golang/pkg/flatted/flatted.go:276.2,276.30 1 0
kleido/internal/repository/postgres/db.go:20.85,22.16 2 0
kleido/internal/repository/postgres/db.go:22.16,24.3 1 0
kleido/internal/repository/postgres/db.go:26.2,33.16 7 0
kleido/internal/repository/postgres/db.go:33.16,35.3 1 0
kleido/internal/repository/postgres/db.go:37.2,37.39 1 0
kleido/internal/repository/postgres/db.go:37.39,40.3 2 0
kleido/internal/repository/postgres/db.go:42.2,42.18 1 0
kleido/internal/repository/postgres/db.go:47.62,49.16 2 0
kleido/internal/repository/postgres/db.go:49.16,51.3 1 0
kleido/internal/repository/postgres/db.go:52.2,52.15 1 0
kleido/internal/repository/postgres/db.go:52.15,54.3 1 0
kleido/internal/repository/postgres/db.go:56.2,56.71 1 0
kleido/internal/repository/postgres/db.go:56.71,58.3 1 0
kleido/internal/repository/postgres/db.go:60.2,60.12 1 0
kleido/internal/repository/postgres/instrumented_user.go:25.95,27.2 1 0
kleido/internal/repository/postgres/instrumented_user.go:30.90,34.16 4 0
kleido/internal/repository/postgres/instrumented_user.go:34.16,36.3 1 0
kleido/internal/repository/postgres/instrumented_user.go:37.2,37.12 1 0
kleido/internal/repository/postgres/instrumented_user.go:42.103,46.45 4 0
kleido/internal/repository/postgres/instrumented_user.go:46.45,48.3 1 0
kleido/internal/repository/postgres/instrumented_user.go:49.2,49.18 1 0
kleido/internal/repository/postgres/instrumented_user.go:54.106,58.45 4 0
kleido/internal/repository/postgres/instrumented_user.go:58.45,60.3 1 0
kleido/internal/repository/postgres/instrumented_user.go:61.2,61.18 1 0
kleido/internal/repository/postgres/instrumented_user.go:65.90,69.16 4 0
kleido/internal/repository/postgres/instrumented_user.go:69.16,71.3 1 0
kleido/internal/repository/postgres/instrumented_user.go:72.2,72.12 1 0
kleido/internal/repository/postgres/instrumented_user.go:76.115,80.16 4 0
kleido/internal/repository/postgres/instrumented_user.go:80.16,82.3 1 0
kleido/internal/repository/postgres/instrumented_user.go:83.2,83.12 1 0
kleido/internal/repository/postgres/instrumented_user.go:87.86,91.16 4 0
kleido/internal/repository/postgres/instrumented_user.go:91.16,93.3 1 0
kleido/internal/repository/postgres/instrumented_user.go:94.2,94.12 1 0
kleido/internal/repository/postgres/instrumented_user.go:98.113,102.16 4 0
kleido/internal/repository/postgres/instrumented_user.go:102.16,104.3 1 0
kleido/internal/repository/postgres/instrumented_user.go:105.2,105.26 1 0
kleido/internal/repository/postgres/traced_user.go:27.89,29.2 1 0
kleido/internal/repository/postgres/traced_user.go:31.84,42.16 5 0
kleido/internal/repository/postgres/traced_user.go:42.16,46.3 3 0
kleido/internal/repository/postgres/traced_user.go:47.2,48.12 2 0
kleido/internal/repository/postgres/traced_user.go:51.97,62.16 5 0
kleido/internal/repository/postgres/traced_user.go:62.16,63.32 1 0
kleido/internal/repository/postgres/traced_user.go:63.32,67.4 2 0
kleido/internal/repository/postgres/traced_user.go:68.3,68.18 1 0
kleido/internal/repository/postgres/traced_user.go:70.2,71.18 2 0
kleido/internal/repository/postgres/traced_user.go:74.100,85.16 5 0
kleido/internal/repository/postgres/traced_user.go:85.16,86.32 1 0
kleido/internal/repository/postgres/traced_user.go:86.32,89.4 2 0
kleido/internal/repository/postgres/traced_user.go:90.3,90.18 1 0
kleido/internal/repository/postgres/traced_user.go:92.2,93.18 2 0
kleido/internal/repository/postgres/traced_user.go:96.84,107.16 5 0
kleido/internal/repository/postgres/traced_user.go:107.16,111.3 3 0
kleido/internal/repository/postgres/traced_user.go:112.2,113.12 2 0
kleido/internal/repository/postgres/traced_user.go:116.109,127.16 5 0
kleido/internal/repository/postgres/traced_user.go:127.16,131.3 3 0
kleido/internal/repository/postgres/traced_user.go:132.2,133.12 2 0
kleido/internal/repository/postgres/traced_user.go:136.80,147.16 5 0
kleido/internal/repository/postgres/traced_user.go:147.16,151.3 3 0
kleido/internal/repository/postgres/traced_user.go:152.2,153.12 2 0
kleido/internal/repository/postgres/traced_user.go:156.107,166.16 5 0
kleido/internal/repository/postgres/traced_user.go:166.16,170.3 3 0
kleido/internal/repository/postgres/traced_user.go:171.2,172.26 2 0
kleido/internal/repository/postgres/user.go:25.70,27.2 1 0
kleido/internal/repository/postgres/user.go:30.78,44.16 3 0
kleido/internal/repository/postgres/user.go:44.16,46.54 2 0
kleido/internal/repository/postgres/user.go:46.54,48.4 1 0
kleido/internal/repository/postgres/user.go:49.3,49.44 1 0
kleido/internal/repository/postgres/user.go:51.2,51.12 1 0
kleido/internal/repository/postgres/user.go:56.91,64.16 4 0
kleido/internal/repository/postgres/user.go:64.16,65.36 1 0
kleido/internal/repository/postgres/user.go:65.36,67.4 1 0
kleido/internal/repository/postgres/user.go:68.3,68.53 1 0
kleido/internal/repository/postgres/user.go:70.2,70.15 1 0
kleido/internal/repository/postgres/user.go:76.94,84.16 4 0
kleido/internal/repository/postgres/user.go:84.16,85.36 1 0
kleido/internal/repository/postgres/user.go:85.36,87.4 1 0
kleido/internal/repository/postgres/user.go:88.3,88.56 1 0
kleido/internal/repository/postgres/user.go:90.2,90.15 1 0
kleido/internal/repository/postgres/user.go:94.78,101.16 3 0
kleido/internal/repository/postgres/user.go:101.16,103.3 1 0
kleido/internal/repository/postgres/user.go:104.2,104.12 1 0
kleido/internal/repository/postgres/user.go:109.103,113.16 3 0
kleido/internal/repository/postgres/user.go:113.16,115.3 1 0
kleido/internal/repository/postgres/user.go:116.2,116.12 1 0
kleido/internal/repository/postgres/user.go:121.74,125.16 3 0
kleido/internal/repository/postgres/user.go:125.16,127.3 1 0
kleido/internal/repository/postgres/user.go:128.2,128.12 1 0
kleido/internal/repository/postgres/user.go:133.101,136.88 2 0
kleido/internal/repository/postgres/user.go:136.88,138.3 1 0
kleido/internal/repository/postgres/user.go:142.2,149.16 3 0
kleido/internal/repository/postgres/user.go:149.16,151.3 1 0
kleido/internal/repository/postgres/user.go:152.2,155.18 3 0
kleido/internal/repository/postgres/user.go:155.18,164.17 2 0
kleido/internal/repository/postgres/user.go:164.17,166.4 1 0
kleido/internal/repository/postgres/user.go:167.3,167.27 1 0
kleido/internal/repository/postgres/user.go:170.2,170.35 1 0
kleido/internal/repository/postgres/user.go:170.35,172.3 1 0
kleido/internal/repository/postgres/user.go:174.2,174.26 1 0
kleido/internal/repository/postgres/user.go:178.49,189.16 3 0
kleido/internal/repository/postgres/user.go:189.16,191.3 1 0
kleido/internal/repository/postgres/user.go:192.2,192.15 1 0
kleido/internal/repository/redis/cache.go:19.65,21.2 1 0
kleido/internal/repository/redis/cache.go:24.94,26.16 2 0
kleido/internal/repository/redis/cache.go:26.16,28.3 1 0
kleido/internal/repository/redis/cache.go:29.2,29.61 1 0
kleido/internal/repository/redis/cache.go:29.61,31.3 1 0
kleido/internal/repository/redis/cache.go:32.2,32.12 1 0
kleido/internal/repository/redis/cache.go:38.78,40.16 2 0
kleido/internal/repository/redis/cache.go:40.16,42.3 1 0
kleido/internal/repository/redis/cache.go:43.2,43.51 1 0
kleido/internal/repository/redis/cache.go:43.51,45.3 1 0
kleido/internal/repository/redis/cache.go:46.2,46.12 1 0
kleido/internal/repository/redis/cache.go:50.71,51.54 1 0
kleido/internal/repository/redis/cache.go:51.54,53.3 1 0
kleido/internal/repository/redis/cache.go:54.2,54.12 1 0
kleido/internal/repository/redis/cache.go:58.75,60.16 2 0
kleido/internal/repository/redis/cache.go:60.16,62.3 1 0
kleido/internal/repository/redis/cache.go:63.2,63.19 1 0
kleido/internal/repository/redis/client.go:15.63,23.61 2 0
kleido/internal/repository/redis/client.go:23.61,26.3 2 0
kleido/internal/repository/redis/client.go:28.2,28.17 1 0
kleido/internal/repository/redis/session.go:39.69,41.2 1 0
kleido/internal/repository/redis/session.go:45.37,48.2 2 0
kleido/internal/repository/redis/session.go:50.38,52.2 1 0
kleido/internal/repository/redis/session.go:54.38,56.2 1 0
kleido/internal/repository/redis/session.go:58.38,60.2 1 0
kleido/internal/repository/redis/session.go:62.36,64.2 1 0
kleido/internal/repository/redis/session.go:67.109,68.77 1 0
kleido/internal/repository/redis/session.go:68.77,70.3 1 0
kleido/internal/repository/redis/session.go:71.2,71.12 1 0
kleido/internal/repository/redis/session.go:76.95,78.16 2 0
kleido/internal/repository/redis/session.go:78.16,79.23 1 0
kleido/internal/repository/redis/session.go:79.23,81.4 1 0
kleido/internal/repository/redis/session.go:82.3,82.68 1 0
kleido/internal/repository/redis/session.go:84.2,84.20 1 0
kleido/internal/repository/redis/session.go:88.83,89.64 1 0
kleido/internal/repository/redis/session.go:89.64,91.3 1 0
kleido/internal/repository/redis/session.go:92.2,92.12 1 0
kleido/internal/repository/redis/session.go:96.94,97.74 1 0
kleido/internal/repository/redis/session.go:97.74,99.3 1 0
kleido/internal/repository/redis/session.go:100.2,100.12 1 0
kleido/internal/repository/redis/session.go:104.84,106.16 2 0
kleido/internal/repository/redis/session.go:106.16,108.3 1 0
kleido/internal/repository/redis/session.go:109.2,109.19 1 0
kleido/internal/repository/redis/session.go:118.9,122.42 4 0
kleido/internal/repository/redis/session.go:122.42,124.3 1 0
kleido/internal/repository/redis/session.go:125.2,125.12 1 0
kleido/internal/repository/redis/session.go:133.109,138.42 5 0
kleido/internal/repository/redis/session.go:138.42,140.3 1 0
kleido/internal/repository/redis/session.go:141.2,141.27 1 0
kleido/internal/repository/redis/session.go:146.90,148.22 2 0
kleido/internal/repository/redis/session.go:148.22,150.3 1 0
kleido/internal/repository/redis/session.go:151.2,151.16 1 0
kleido/internal/repository/redis/session.go:151.16,153.3 1 0
kleido/internal/repository/redis/session.go:154.2,154.17 1 0
kleido/internal/repository/redis/session.go:159.83,160.64 1 0
kleido/internal/repository/redis/session.go:160.64,162.3 1 0
kleido/internal/repository/redis/session.go:163.2,163.12 1 0
kleido/internal/repository/redis/session.go:167.84,169.16 2 0
kleido/internal/repository/redis/session.go:169.16,171.3 1 0
kleido/internal/repository/redis/session.go:172.2,172.44 1 0
kleido/internal/repository/redis/session.go:184.35,187.2 2 0
kleido/internal/repository/redis/session.go:199.35,201.2 1 0
kleido/internal/repository/redis/session.go:210.63,225.42 9 0
kleido/internal/repository/redis/session.go:225.42,228.3 1 0
kleido/internal/repository/redis/session.go:230.2,231.19 2 0
kleido/internal/repository/redis/session.go:231.19,233.3 1 0
kleido/internal/repository/redis/session.go:234.2,234.42 1 0
kleido/internal/repository/redis/session.go:241.96,242.88 1 0
kleido/internal/repository/redis/session.go:242.88,244.3 1 0
kleido/internal/repository/redis/session.go:245.2,245.12 1 0
kleido/internal/repository/redis/session.go:251.100,260.62 5 0
kleido/internal/repository/redis/session.go:260.62,262.3 1 0
kleido/internal/repository/redis/session.go:264.2,265.22 2 0
kleido/internal/repository/redis/session.go:265.22,267.3 1 0
kleido/internal/repository/redis/session.go:268.2,268.16 1 0
kleido/internal/repository/redis/session.go:268.16,270.3 1 0
kleido/internal/repository/redis/session.go:271.2,271.20 1 0
kleido/internal/reqctx/reqctx.go:13.61,15.2 1 0
kleido/internal/reqctx/reqctx.go:18.48,21.2 2 0
kleido/internal/reqctx/reqctx.go:24.68,26.2 1 0
kleido/internal/reqctx/reqctx.go:29.55,32.2 2 0
kleido/web/components/admin_user_row_templ.go:17.58,18.131 1 0
kleido/web/components/admin_user_row_templ.go:18.131,20.71 2 0
kleido/web/components/admin_user_row_templ.go:20.71,22.4 1 0
kleido/web/components/admin_user_row_templ.go:23.3,24.31 2 0
kleido/web/components/admin_user_row_templ.go:24.31,25.17 1 0
kleido/web/components/admin_user_row_templ.go:25.17,27.34 2 0
kleido/web/components/admin_user_row_templ.go:27.34,29.6 1 0
kleido/web/components/admin_user_row_templ.go:32.3,34.33 3 0
kleido/web/components/admin_user_row_templ.go:34.33,36.4 1 0
kleido/web/components/admin_user_row_templ.go:37.3,39.32 3 0
kleido/web/components/admin_user_row_templ.go:39.32,41.4 1 0
kleido/web/components/admin_user_row_templ.go:42.3,44.32 3 0
kleido/web/components/admin_user_row_templ.go:44.32,46.4 1 0
kleido/web/components/admin_user_row_templ.go:47.3,48.32 2 0
kleido/web/components/admin_user_row_templ.go:48.32,50.4 1 0
kleido/web/components/admin_user_row_templ.go:51.3,52.32 2 0
kleido/web/components/admin_user_row_templ.go:52.32,54.4 1 0
kleido/web/components/admin_user_row_templ.go:55.3,57.32 3 0
kleido/web/components/admin_user_row_templ.go:57.32,59.4 1 0
kleido/web/components/admin_user_row_templ.go:60.3,61.32 2 0
kleido/web/components/admin_user_row_templ.go:61.32,63.4 1 0
kleido/web/components/admin_user_row_templ.go:64.3,65.32 2 0
kleido/web/components/admin_user_row_templ.go:65.32,67.4 1 0
kleido/web/components/admin_user_row_templ.go:68.3,70.32 3 0
kleido/web/components/admin_user_row_templ.go:70.32,72.4 1 0
kleido/web/components/admin_user_row_templ.go:73.3,74.32 2 0
kleido/web/components/admin_user_row_templ.go:74.32,76.4 1 0
kleido/web/components/admin_user_row_templ.go:77.3,78.32 2 0
kleido/web/components/admin_user_row_templ.go:78.32,80.4 1 0
kleido/web/components/admin_user_row_templ.go:81.3,81.17 1 0
kleido/web/components/admin_user_row_templ.go:81.17,83.33 2 0
kleido/web/components/admin_user_row_templ.go:83.33,85.5 1 0
kleido/web/components/admin_user_row_templ.go:86.9,88.33 2 0
kleido/web/components/admin_user_row_templ.go:88.33,90.5 1 0
kleido/web/components/admin_user_row_templ.go:92.3,93.32 2 0
kleido/web/components/admin_user_row_templ.go:93.32,95.4 1 0
kleido/web/components/admin_user_row_templ.go:96.3,98.32 3 0
kleido/web/components/admin_user_row_templ.go:98.32,100.4 1 0
kleido/web/components/admin_user_row_templ.go:101.3,102.32 2 0
kleido/web/components/admin_user_row_templ.go:102.32,104.4 1 0
kleido/web/components/admin_user_row_templ.go:105.3,106.32 2 0
kleido/web/components/admin_user_row_templ.go:106.32,108.4 1 0
kleido/web/components/admin_user_row_templ.go:109.3,111.32 3 0
kleido/web/components/admin_user_row_templ.go:111.32,113.4 1 0
kleido/web/components/admin_user_row_templ.go:114.3,115.32 2 0
kleido/web/components/admin_user_row_templ.go:115.32,117.4 1 0
kleido/web/components/admin_user_row_templ.go:118.3,119.32 2 0
kleido/web/components/admin_user_row_templ.go:119.32,121.4 1 0
kleido/web/components/admin_user_row_templ.go:122.3,124.32 3 0
kleido/web/components/admin_user_row_templ.go:124.32,126.4 1 0
kleido/web/components/admin_user_row_templ.go:127.3,128.32 2 0
kleido/web/components/admin_user_row_templ.go:128.32,130.4 1 0
kleido/web/components/admin_user_row_templ.go:131.3,132.32 2 0
kleido/web/components/admin_user_row_templ.go:132.32,134.4 1 0
kleido/web/components/admin_user_row_templ.go:135.3,137.32 3 0
kleido/web/components/admin_user_row_templ.go:137.32,139.4 1 0
kleido/web/components/admin_user_row_templ.go:140.3,141.32 2 0
kleido/web/components/admin_user_row_templ.go:141.32,143.4 1 0
kleido/web/components/admin_user_row_templ.go:144.3,145.32 2 0
kleido/web/components/admin_user_row_templ.go:145.32,147.4 1 0
kleido/web/components/admin_user_row_templ.go:148.3,148.28 1 0
kleido/web/components/admin_users_templ.go:18.89,19.131 1 0
kleido/web/components/admin_users_templ.go:19.131,21.71 2 0
kleido/web/components/admin_users_templ.go:21.71,23.4 1 0
kleido/web/components/admin_users_templ.go:24.3,25.31 2 0
kleido/web/components/admin_users_templ.go:25.31,26.17 1 0
kleido/web/components/admin_users_templ.go:26.17,28.34 2 0
kleido/web/components/admin_users_templ.go:28.34,30.6 1 0
kleido/web/components/admin_users_templ.go:33.3,35.33 3 0
kleido/web/components/admin_users_templ.go:35.33,37.4 1 0
kleido/web/components/admin_users_templ.go:38.3,39.148 2 0
kleido/web/components/admin_users_templ.go:39.148,42.32 3 0
kleido/web/components/admin_users_templ.go:42.32,43.18 1 0
kleido/web/components/admin_users_templ.go:43.18,45.35 2 0
kleido/web/components/admin_users_templ.go:45.35,47.7 1 0
kleido/web/components/admin_users_templ.go:50.4,52.33 3 0
kleido/web/components/admin_users_templ.go:52.33,54.5 1 0
kleido/web/components/admin_users_templ.go:55.4,57.33 3 0
kleido/web/components/admin_users_templ.go:57.33,59.5 1 0
kleido/web/components/admin_users_templ.go:60.4,61.33 2 0
kleido/web/components/admin_users_templ.go:61.33,63.5 1 0
kleido/web/components/admin_users_templ.go:64.4,65.33 2 0
kleido/web/components/admin_users_templ.go:65.33,67.5 1 0
kleido/web/components/admin_users_templ.go:68.4,69.33 2 0
kleido/web/components/admin_users_templ.go:69.33,71.5 1 0
kleido/web/components/admin_users_templ.go:72.4,73.33 2 0
kleido/web/components/admin_users_templ.go:73.33,75.5 1 0
kleido/web/components/admin_users_templ.go:76.4,76.29 1 0
kleido/web/components/admin_users_templ.go:78.3,79.32 2 0
kleido/web/components/admin_users_templ.go:79.32,81.4 1 0
kleido/web/components/admin_users_templ.go:82.3,82.28 1 0
kleido/web/components/admin_users_templ.go:88.71,89.131 1 0
kleido/web/components/admin_users_templ.go:89.131,91.71 2 0
kleido/web/components/admin_users_templ.go:91.71,93.4 1 0
kleido/web/components/admin_users_templ.go:94.3,95.31 2 0
kleido/web/components/admin_users_templ.go:95.31,96.17 1 0
kleido/web/components/admin_users_templ.go:96.17,98.34 2 0
kleido/web/components/admin_users_templ.go:98.34,100.6 1 0
kleido/web/components/admin_users_templ.go:103.3,105.33 3 0
kleido/web/components/admin_users_templ.go:105.33,107.4 1 0
kleido/web/components/admin_users_templ.go:108.3,109.27 2 0
kleido/web/components/admin_users_templ.go:109.27,111.33 2 0
kleido/web/components/admin_users_templ.go:111.33,113.5 1 0
kleido/web/components/admin_users_templ.go:115.3,115.28 1 0
kleido/web/components/layout_templ.go:14.57,15.131 1 0
kleido/web/components/layout_templ.go:15.131,17.71 2 0
kleido/web/components/layout_templ.go:17.71,19.4 1 0
kleido/web/components/layout_templ.go:20.3,21.31 2 0
kleido/web/components/layout_templ.go:21.31,22.17 1 0
kleido/web/components/layout_templ.go:22.17,24.34 2 0
kleido/web/components/layout_templ.go:24.34,26.6 1 0
kleido/web/components/layout_templ.go:29.3,31.33 3 0
kleido/web/components/layout_templ.go:31.33,33.4 1 0
kleido/web/components/layout_templ.go:34.3,36.32 3 0
kleido/web/components/layout_templ.go:36.32,38.4 1 0
kleido/web/components/layout_templ.go:39.3,41.32 3 0
kleido/web/components/layout_templ.go:41.32,43.4 1 0
kleido/web/components/layout_templ.go:44.3,45.32 2 0
kleido/web/components/layout_templ.go:45.32,47.4 1 0
kleido/web/components/layout_templ.go:48.3,49.32 2 0
kleido/web/components/layout_templ.go:49.32,51.4 1 0
kleido/web/components/layout_templ.go:52.3,54.32 3 0
kleido/web/components/layout_templ.go:54.32,56.4 1 0
kleido/web/components/layout_templ.go:57.3,58.32 2 0
kleido/web/components/layout_templ.go:58.32,60.4 1 0
kleido/web/components/layout_templ.go:61.3,62.32 2 0
kleido/web/components/layout_templ.go:62.32,64.4 1 0
kleido/web/components/layout_templ.go:65.3,66.32 2 0
kleido/web/components/layout_templ.go:66.32,68.4 1 0
kleido/web/components/layout_templ.go:69.3,70.32 2 0
kleido/web/components/layout_templ.go:70.32,72.4 1 0
kleido/web/components/layout_templ.go:73.3,73.28 1 0
kleido/internal/service/auth.go:47.15,56.2 1 1
kleido/internal/service/auth.go:59.98,64.16 4 1
kleido/internal/service/auth.go:64.16,68.3 3 1
kleido/internal/service/auth.go:69.2,70.18 2 1
kleido/internal/service/auth.go:76.94,85.20 5 1
kleido/internal/service/auth.go:85.20,88.3 1 1
kleido/internal/service/auth.go:89.2,89.12 1 1
kleido/internal/service/auth.go:89.12,96.3 5 1
kleido/internal/service/auth.go:99.2,100.16 2 1
kleido/internal/service/auth.go:100.16,108.3 5 1
kleido/internal/service/auth.go:111.2,111.105 1 1
kleido/internal/service/auth.go:111.105,114.21 2 1
kleido/internal/service/auth.go:114.21,116.4 1 0
kleido/internal/service/auth.go:117.3,118.18 2 1
kleido/internal/service/auth.go:118.18,120.4 1 0
kleido/internal/service/auth.go:121.3,124.21 4 1
kleido/internal/service/auth.go:128.2,128.76 1 1
kleido/internal/service/auth.go:128.76,131.3 1 1
kleido/internal/service/auth.go:134.2,135.16 2 1
kleido/internal/service/auth.go:135.16,140.3 4 0
kleido/internal/service/auth.go:142.2,143.16 2 1
kleido/internal/service/auth.go:143.16,148.3 4 0
kleido/internal/service/auth.go:150.2,150.108 1 1
kleido/internal/service/auth.go:150.108,155.3 4 1
kleido/internal/service/auth.go:157.2,166.8 4 1
kleido/internal/service/auth.go:172.96,177.16 4 1
kleido/internal/service/auth.go:177.16,182.3 4 1
kleido/internal/service/auth.go:184.2,185.16 2 1
kleido/internal/service/auth.go:185.16,190.3 4 0
kleido/internal/service/auth.go:192.2,193.16 2 1
kleido/internal/service/auth.go:193.16,198.3 4 1
kleido/internal/service/auth.go:200.2,201.16 2 1
kleido/internal/service/auth.go:201.16,206.3 4 0
kleido/internal/service/auth.go:208.2,209.16 2 1
kleido/internal/service/auth.go:209.16,214.3 4 0
kleido/internal/service/auth.go:216.2,216.129 1 1
kleido/internal/service/auth.go:216.129,221.3 4 0
kleido/internal/service/auth.go:223.2,230.8 3 1
kleido/internal/service/auth.go:234.86,240.78 4 1
kleido/internal/service/auth.go:240.78,245.3 4 1
kleido/internal/service/auth.go:247.2,247.76 1 1
kleido/internal/service/auth.go:247.76,252.3 4 1
kleido/internal/service/auth.go:254.2,257.12 4 1
kleido/internal/service/auth.go:263.79,270.16 5 1
kleido/internal/service/auth.go:270.16,275.3 3 1
kleido/internal/service/auth.go:277.2,278.16 2 1
kleido/internal/service/auth.go:278.16,283.3 4 0
kleido/internal/service/auth.go:285.2,285.92 1 1
kleido/internal/service/auth.go:285.92,290.3 4 1
kleido/internal/service/auth.go:292.2,294.21 2 1
kleido/internal/service/auth.go:294.21,295.82 1 1
kleido/internal/service/auth.go:295.82,298.4 1 0
kleido/internal/service/auth.go:301.2,303.12 3 1
kleido/internal/service/auth.go:309.91,313.26 3 1
kleido/internal/service/auth.go:313.26,318.3 4 1
kleido/internal/service/auth.go:321.2,322.16 2 1
kleido/internal/service/auth.go:322.16,327.3 4 1
kleido/internal/service/auth.go:329.2,330.16 2 1
kleido/internal/service/auth.go:330.16,335.3 4 0
kleido/internal/service/auth.go:337.2,338.16 2 1
kleido/internal/service/auth.go:338.16,343.3 4 0
kleido/internal/service/auth.go:345.2,345.72 1 1
kleido/internal/service/auth.go:345.72,350.3 4 0
kleido/internal/service/auth.go:352.2,354.12 3 1
kleido/internal/service/auth.go:361.108,369.17 3 1
kleido/internal/service/auth.go:369.17,371.3 1 1
kleido/internal/service/auth.go:372.2,372.18 1 1
kleido/internal/service/auth.go:372.18,374.3 1 1
kleido/internal/service/auth.go:375.2,375.26 1 1
kleido/internal/service/auth.go:375.26,377.3 1 1
kleido/internal/service/auth.go:378.2,378.41 1 1
kleido/internal/service/auth.go:388.37,390.43 2 1
kleido/internal/service/auth.go:390.43,392.3 1 0
kleido/internal/service/auth.go:393.2,398.30 4 1
kleido/internal/service/auth.go:398.30,400.3 1 0
kleido/internal/service/auth.go:401.2,402.26 2 1
kleido/internal/service/auth.go:402.26,404.3 1 1
kleido/internal/service/auth.go:405.2,405.41 1 1
kleido/internal/service/auth.go:409.51,411.2 1 0
kleido/internal/service/auth.go:414.44,416.2 1 0
kleido/internal/service/email.go:25.98,31.2 2 1
kleido/internal/service/user.go:36.117,42.2 1 1
kleido/internal/service/user.go:44.40,46.2 1 1
kleido/internal/service/user.go:51.87,60.20 6 1
kleido/internal/service/user.go:60.20,63.22 3 1
kleido/internal/service/user.go:63.22,66.4 2 1
kleido/internal/service/user.go:67.3,67.37 1 1
kleido/internal/service/user.go:67.37,69.4 1 1
kleido/internal/service/user.go:69.9,72.4 2 1
kleido/internal/service/user.go:75.2,76.16 2 1
kleido/internal/service/user.go:76.16,80.3 3 1
kleido/internal/service/user.go:83.2,83.20 1 1
kleido/internal/service/user.go:83.20,84.77 1 1
kleido/internal/service/user.go:84.77,87.4 2 1
kleido/internal/service/user.go:87.9,89.4 1 1
kleido/internal/service/user.go:92.2,93.18 2 1
kleido/internal/service/user.go:97.90,99.2 1 1
kleido/internal/service/user.go:103.102,110.16 5 1
kleido/internal/service/user.go:110.16,115.3 4 0
kleido/internal/service/user.go:117.2,125.49 2 1
kleido/internal/service/user.go:125.49,129.3 3 1
kleido/internal/service/user.go:131.2,134.18 4 1
kleido/internal/service/user.go:140.135,148.16 6 1
kleido/internal/service/user.go:148.16,152.3 3 1
kleido/internal/service/user.go:154.2,154.22 1 1
kleido/internal/service/user.go:154.22,156.3 1 1
kleido/internal/service/user.go:157.2,157.25 1 1
kleido/internal/service/user.go:157.25,159.3 1 1
kleido/internal/service/user.go:160.2,160.21 1 1
kleido/internal/service/user.go:160.21,161.28 1 1
kleido/internal/service/user.go:161.28,163.4 1 1
kleido/internal/service/user.go:163.9,165.4 1 1
kleido/internal/service/user.go:168.2,168.49 1 1
kleido/internal/service/user.go:168.49,172.3 3 0
kleido/internal/service/user.go:174.2,174.20 1 1
kleido/internal/service/user.go:174.20,175.63 1 1
kleido/internal/service/user.go:175.63,177.4 1 1
kleido/internal/service/user.go:180.2,181.18 2 1
kleido/internal/service/user.go:186.71,193.52 5 1
kleido/internal/service/user.go:193.52,197.3 3 1
kleido/internal/service/user.go:199.2,199.47 1 1
kleido/internal/service/user.go:199.47,203.3 3 0
kleido/internal/service/user.go:205.2,205.20 1 1
kleido/internal/service/user.go:205.20,206.63 1 1
kleido/internal/service/user.go:206.63,208.4 1 1
kleido/internal/service/user.go:211.2,212.12 2 1
kleido/internal/service/user.go:217.100,222.69 4 1
kleido/internal/service/user.go:222.69,226.3 3 1
kleido/internal/service/user.go:228.2,228.20 1 1
kleido/internal/service/user.go:228.20,229.63 1 1
kleido/internal/service/user.go:229.63,232.4 1 0
kleido/internal/service/user.go:235.2,236.12 2 1
kleido/internal/service/user.go:240.106,248.16 5 1
kleido/internal/service/user.go:248.16,252.3 3 1
kleido/internal/service/user.go:254.2,255.26 2 1
kleido/internal/service/user.go:255.26,257.3 1 1
kleido/internal/service/user.go:258.2,259.30 2 1
kleido/internal/auth/jwt.go:32.116,39.2 1 1
kleido/internal/auth/jwt.go:43.105,61.16 7 1
kleido/internal/auth/jwt.go:61.16,63.3 1 0
kleido/internal/auth/jwt.go:64.2,64.36 1 1
kleido/internal/auth/jwt.go:70.58,72.40 2 1
kleido/internal/auth/jwt.go:72.40,74.3 1 0
kleido/internal/auth/jwt.go:75.2,75.53 1 1
kleido/internal/auth/jwt.go:79.49,81.2 1 0
kleido/internal/auth/jwt.go:86.63,87.89 1 1
kleido/internal/auth/jwt.go:87.89,88.53 1 1
kleido/internal/auth/jwt.go:88.53,90.4 1 1
kleido/internal/auth/jwt.go:91.3,91.20 1 1
kleido/internal/auth/jwt.go:93.2,93.16 1 1
kleido/internal/auth/jwt.go:93.16,94.42 1 1
kleido/internal/auth/jwt.go:94.42,96.4 1 1
kleido/internal/auth/jwt.go:97.3,97.50 1 1
kleido/internal/auth/jwt.go:100.2,101.25 2 1
kleido/internal/auth/jwt.go:101.25,103.3 1 0
kleido/internal/auth/jwt.go:104.2,104.20 1 1
kleido/internal/auth/jwt.go:109.37,112.2 2 1
kleido/internal/auth/keys.go:13.59,15.16 2 1
kleido/internal/auth/keys.go:15.16,17.3 1 1
kleido/internal/auth/keys.go:18.2,19.16 2 1
kleido/internal/auth/keys.go:19.16,21.3 1 1
kleido/internal/auth/keys.go:22.2,22.17 1 1
kleido/internal/auth/keys.go:26.57,28.16 2 1
kleido/internal/auth/keys.go:28.16,30.3 1 1
kleido/internal/auth/keys.go:31.2,32.16 2 1
kleido/internal/auth/keys.go:32.16,34.3 1 1
kleido/internal/auth/keys.go:35.2,35.17 1 1
kleido/internal/logger/logger.go:37.64,39.32 2 1
kleido/internal/logger/logger.go:40.15,41.24 1 1
kleido/internal/logger/logger.go:42.14,43.23 1 1
kleido/internal/logger/logger.go:44.15,45.24 1 1
kleido/internal/logger/logger.go:46.10,47.23 1 1
kleido/internal/logger/logger.go:50.2,59.11 4 1
kleido/internal/logger/logger.go:59.11,61.3 1 1
kleido/internal/logger/logger.go:61.8,63.3 1 1
kleido/internal/logger/logger.go:65.2,69.3 1 1
kleido/internal/logger/logger.go:73.53,74.42 1 1
kleido/internal/logger/logger.go:74.42,76.3 1 0
kleido/internal/logger/logger.go:77.2,77.69 1 1
kleido/internal/logger/logger.go:77.69,79.3 1 0
kleido/internal/logger/logger.go:80.2,80.10 1 1
kleido/internal/logger/logger.go:84.71,86.2 1 1
kleido/internal/logger/logger.go:90.52,91.69 1 1
kleido/internal/logger/logger.go:91.69,93.3 1 1
kleido/internal/logger/logger.go:94.2,94.23 1 1
kleido/internal/logger/logger.go:104.73,106.34 2 1
kleido/internal/logger/logger.go:106.34,111.3 1 0
kleido/internal/logger/logger.go:112.2,112.33 1 1
kleido/internal/logger/logger.go:115.66,117.2 1 0
kleido/internal/logger/logger.go:119.60,121.2 1 0
kleido/internal/logger/logger.go:128.61,130.2 1 1
kleido/pkg/configstore/configstore.go:26.28,28.16 2 1
kleido/pkg/configstore/configstore.go:28.16,30.17 2 1
kleido/pkg/configstore/configstore.go:30.17,32.4 1 0
kleido/pkg/configstore/configstore.go:33.3,33.40 1 1
kleido/pkg/configstore/configstore.go:35.2,35.43 1 1
kleido/pkg/configstore/configstore.go:39.29,41.16 2 1
kleido/pkg/configstore/configstore.go:41.16,43.3 1 0
kleido/pkg/configstore/configstore.go:44.2,44.47 1 1
kleido/pkg/configstore/configstore.go:49.30,51.16 2 1
kleido/pkg/configstore/configstore.go:51.16,53.3 1 0
kleido/pkg/configstore/configstore.go:54.2,55.16 2 1
kleido/pkg/configstore/configstore.go:55.16,56.25 1 1
kleido/pkg/configstore/configstore.go:56.25,58.4 1 1
kleido/pkg/configstore/configstore.go:59.3,59.55 1 0
kleido/pkg/configstore/configstore.go:61.2,62.69 2 1
kleido/pkg/configstore/configstore.go:62.69,64.3 1 1
kleido/pkg/configstore/configstore.go:65.2,65.18 1 1
kleido/pkg/configstore/configstore.go:70.30,72.16 2 1
kleido/pkg/configstore/configstore.go:72.16,74.3 1 0
kleido/pkg/configstore/configstore.go:75.2,76.16 2 1
kleido/pkg/configstore/configstore.go:76.16,78.3 1 1
kleido/pkg/configstore/configstore.go:79.2,81.16 3 1
kleido/pkg/configstore/configstore.go:81.16,83.3 1 0
kleido/pkg/configstore/configstore.go:84.2,84.52 1 1
kleido/pkg/configstore/configstore.go:84.52,86.3 1 0
kleido/pkg/configstore/configstore.go:88.2,88.42 1 1
kleido/pkg/configstore/configstore.go:88.42,90.3 1 0
kleido/pkg/configstore/configstore.go:91.2,91.12 1 1
kleido/pkg/configstore/configstore.go:95.25,97.16 2 1
kleido/pkg/configstore/configstore.go:97.16,99.3 1 1
kleido/pkg/configstore/configstore.go:100.2,102.18 3 1
kleido/pkg/apperror/apperror.go:21.35,23.2 1 1
kleido/pkg/apperror/apperror.go:26.35,28.2 1 0
kleido/pkg/apperror/apperror.go:42.58,44.2 1 1
kleido/pkg/apperror/apperror.go:47.42,49.2 1 1
kleido/pkg/apperror/apperror.go:52.41,54.2 1 1
kleido/pkg/apperror/apperror.go:57.38,59.2 1 1
kleido/pkg/apperror/apperror.go:62.55,64.2 1 1
kleido/pkg/apperror/apperror.go:67.37,69.2 1 1
kleido/pkg/apperror/apperror.go:72.34,74.2 1 1
kleido/pkg/apperror/apperror.go:78.41,80.2 1 1
kleido/pkg/apperror/apperror.go:85.33,88.2 2 1
kleido/pkg/apperror/apperror.go:91.37,94.2 2 1
kleido/pkg/apperror/apperror.go:97.33,100.2 2 1
kleido/pkg/apperror/apperror.go:108.51,110.26 2 1
kleido/pkg/apperror/apperror.go:110.26,112.3 1 1
kleido/pkg/apperror/apperror.go:114.2,120.37 6 1
kleido/internal/config/config.go:78.30,130.23 31 1
kleido/internal/config/config.go:130.23,132.3 1 1
kleido/internal/config/config.go:134.2,135.26 2 1
kleido/internal/config/config.go:135.26,137.3 1 0
kleido/internal/config/config.go:139.2,140.25 2 1
kleido/internal/config/config.go:140.25,142.3 1 0
kleido/internal/config/config.go:144.2,144.19 1 1
kleido/internal/config/config.go:144.19,146.3 1 1
kleido/internal/config/config.go:148.2,190.17 3 1
kleido/internal/client/auth.go:24.92,26.77 2 1
kleido/internal/client/auth.go:26.77,28.3 1 1
kleido/internal/client/auth.go:29.2,29.18 1 1
kleido/internal/client/auth.go:33.57,35.2 1 1
kleido/internal/client/auth.go:39.100,45.81 3 1
kleido/internal/client/auth.go:45.81,47.3 1 0
kleido/internal/client/auth.go:48.2,48.18 1 1
kleido/internal/client/client.go:36.41,47.2 4 1
kleido/internal/client/client.go:53.84,55.17 2 1
kleido/internal/client/client.go:55.17,57.17 2 1
kleido/internal/client/client.go:57.17,59.4 1 0
kleido/internal/client/client.go:60.3,60.34 1 1
kleido/internal/client/client.go:63.2,64.16 2 1
kleido/internal/client/client.go:64.16,66.3 1 0
kleido/internal/client/client.go:67.2,68.17 2 1
kleido/internal/client/client.go:68.17,70.3 1 1
kleido/internal/client/client.go:71.2,71.19 1 1
kleido/internal/client/client.go:71.19,73.3 1 1
kleido/internal/client/client.go:75.2,76.16 2 1
kleido/internal/client/client.go:76.16,78.3 1 0
kleido/internal/client/client.go:79.2,81.45 2 1
kleido/internal/client/client.go:81.45,83.3 1 1
kleido/internal/client/client.go:85.2,85.46 1 1
kleido/internal/client/client.go:85.46,87.106 2 1
kleido/internal/client/client.go:87.106,89.4 1 1
kleido/internal/client/client.go:90.3,90.74 1 1
kleido/internal/client/client.go:93.2,93.16 1 1
kleido/internal/client/client.go:93.16,94.70 1 1
kleido/internal/client/client.go:94.70,96.4 1 0
kleido/internal/client/client.go:99.2,99.12 1 1
kleido/internal/client/users.go:38.71,40.74 2 1
kleido/internal/client/users.go:40.74,42.3 1 1
kleido/internal/client/users.go:43.2,43.18 1 1
kleido/internal/client/users.go:47.83,49.75 2 1
kleido/internal/client/users.go:49.75,51.3 1 0
kleido/internal/client/users.go:52.2,52.18 1 1
kleido/internal/client/users.go:56.97,59.60 3 1
kleido/internal/client/users.go:59.60,61.3 1 0
kleido/internal/client/users.go:62.2,62.18 1 1
kleido/internal/client/users.go:66.109,68.75 2 1
kleido/internal/client/users.go:68.75,70.3 1 0
kleido/internal/client/users.go:71.2,71.18 1 1
kleido/internal/client/users.go:75.69,77.2 1 1
kleido/internal/cli/auth.go:15.34,22.2 3 1
kleido/internal/cli/auth.go:24.39,29.52 2 1
kleido/internal/cli/auth.go:29.52,33.66 3 1
kleido/internal/cli/auth.go:33.66,35.5 1 1
kleido/internal/cli/auth.go:37.4,38.18 2 1
kleido/internal/cli/auth.go:38.18,40.5 1 0
kleido/internal/cli/auth.go:42.4,47.18 3 1
kleido/internal/cli/auth.go:47.18,49.5 1 1
kleido/internal/cli/auth.go:51.4,56.48 2 1
kleido/internal/cli/auth.go:56.48,58.5 1 0
kleido/internal/cli/auth.go:61.4,62.14 2 1
kleido/internal/cli/auth.go:65.2,66.12 2 1
kleido/internal/cli/auth.go:71.55,72.49 1 1
kleido/internal/cli/auth.go:72.49,74.3 1 1
kleido/internal/cli/auth.go:76.2,80.16 4 0
kleido/internal/cli/auth.go:80.16,82.3 1 0
kleido/internal/cli/auth.go:83.2,83.23 1 0
kleido/internal/cli/auth.go:86.40,90.52 1 1
kleido/internal/cli/auth.go:90.52,92.18 2 1
kleido/internal/cli/auth.go:92.18,97.5 2 1
kleido/internal/cli/auth.go:99.4,100.62 2 1
kleido/internal/cli/auth.go:100.62,104.5 1 1
kleido/internal/cli/auth.go:106.4,106.51 1 1
kleido/internal/cli/auth.go:106.51,108.5 1 0
kleido/internal/cli/auth.go:111.4,112.14 2 1
kleido/internal/cli/completion.go:7.59,29.55 1 1
kleido/internal/cli/completion.go:29.55,30.19 1 1
kleido/internal/cli/completion.go:31.16,32.53 1 1
kleido/internal/cli/completion.go:33.15,34.52 1 1
kleido/internal/cli/completion.go:35.16,36.59 1 1
kleido/internal/cli/completion.go:37.22,38.67 1 1
kleido/internal/cli/completion.go:39.12,40.23 1 1
kleido/internal/cli/completion.go:44.2,44.12 1 1
kleido/internal/cli/render.go:18.63,19.16 1 1
kleido/internal/cli/render.go:20.14,23.42 3 1
kleido/internal/cli/render.go:23.42,25.4 1 0
kleido/internal/cli/render.go:26.3,26.13 1 1
kleido/internal/cli/render.go:27.14,29.42 2 1
kleido/internal/cli/render.go:29.42,31.4 1 0
kleido/internal/cli/render.go:32.3,32.13 1 1
kleido/internal/cli/render.go:33.10,34.30 1 1
kleido/internal/cli/render.go:40.47,41.26 1 1
kleido/internal/cli/render.go:42.28,43.24 1 1
kleido/internal/cli/render.go:44.33,45.30 1 1
kleido/internal/cli/render.go:46.10,49.42 3 1
kleido/internal/cli/render.go:49.42,51.4 1 0
kleido/internal/cli/render.go:53.2,53.12 1 1
kleido/internal/cli/render.go:57.59,67.2 9 1
kleido/internal/cli/render.go:70.66,74.26 4 1
kleido/internal/cli/render.go:74.26,82.3 1 1
kleido/internal/cli/render.go:83.2,83.16 1 1
kleido/internal/cli/root.go:17.27,17.45 1 1
kleido/internal/cli/root.go:23.34,39.2 4 1
kleido/internal/cli/root.go:43.47,45.16 2 1
kleido/internal/cli/root.go:45.16,47.3 1 0
kleido/internal/cli/root.go:48.2,48.27 1 1
kleido/internal/cli/root.go:48.27,50.3 1 1
kleido/internal/cli/root.go:52.2,52.64 1 1
kleido/internal/cli/root.go:52.64,54.3 1 1
kleido/internal/cli/root.go:55.2,55.17 1 1
kleido/internal/cli/root.go:60.40,62.16 2 0
kleido/internal/cli/root.go:62.16,65.3 2 0
kleido/internal/cli/root.go:66.2,66.12 1 0
kleido/internal/cli/root.go:70.56,72.2 1 1
kleido/internal/cli/users.go:15.35,28.2 3 1
kleido/internal/cli/users.go:30.37,34.52 1 1
kleido/internal/cli/users.go:34.52,38.18 4 0
kleido/internal/cli/users.go:38.18,40.5 1 0
kleido/internal/cli/users.go:41.4,41.62 1 0
kleido/internal/cli/users.go:46.38,51.55 1 1
kleido/internal/cli/users.go:51.55,55.18 4 0
kleido/internal/cli/users.go:55.18,57.5 1 0
kleido/internal/cli/users.go:58.4,58.62 1 0
kleido/internal/cli/users.go:63.39,68.52 2 1
kleido/internal/cli/users.go:68.52,72.18 4 0
kleido/internal/cli/users.go:72.18,74.5 1 0
kleido/internal/cli/users.go:75.4,75.62 1 0
kleido/internal/cli/users.go:78.2,80.12 3 1
kleido/internal/cli/users.go:83.41,90.55 3 1
kleido/internal/cli/users.go:90.55,94.36 4 0
kleido/internal/cli/users.go:94.36,96.5 1 0
kleido/internal/cli/users.go:97.4,97.35 1 0
kleido/internal/cli/users.go:97.35,99.5 1 0
kleido/internal/cli/users.go:100.4,100.37 1 0
kleido/internal/cli/users.go:100.37,103.5 2 0
kleido/internal/cli/users.go:104.4,105.18 2 0
kleido/internal/cli/users.go:105.18,107.5 1 0
kleido/internal/cli/users.go:108.4,108.62 1 0
kleido/internal/cli/users.go:111.2,114.12 4 1
kleido/internal/cli/users.go:117.41,123.55 2 1
kleido/internal/cli/users.go:123.55,124.12 1 0
kleido/internal/cli/users.go:124.12,125.69 1 0
kleido/internal/cli/users.go:125.69,129.6 2 0
kleido/internal/cli/users.go:131.4,133.72 3 0
kleido/internal/cli/users.go:133.72,135.5 1 0
kleido/internal/cli/users.go:137.4,138.14 2 0
kleido/internal/cli/users.go:141.2,142.12 2 1
kleido/internal/cli/users.go:147.61,151.21 3 0
kleido/internal/cli/users.go:151.21,153.3 1 0
kleido/internal/cli/users.go:154.2,155.41 2 0
kleido/internal/cli/version.go:9.37,14.52 2 1
kleido/internal/cli/version.go:14.52,15.13 1 1
kleido/internal/cli/version.go:15.13,18.5 1 1
kleido/internal/cli/version.go:18.10,21.5 1 1
kleido/internal/cli/version.go:22.4,22.14 1 1
kleido/internal/cli/version.go:25.2,26.12 2 1
